// Jest Snapshot v1, https://goo.gl/fbAQLP

exports[`IpController (e2e) ips/ (GET) 200 - should return details about given ip 1`] = `
{
  "borders": "CA,MX",
  "calling_code": "1",
  "capital": "Washington D.C.",
  "city": "Mountain View",
  "connection": {
    "asn": 15169,
    "domain": "google.com",
    "isp": "Google LLC",
    "org": "Google LLC",
  },
  "continent": "North America",
  "continent_code": "NA",
  "country": "United States",
  "country_code": "US",
  "flag": {
    "emoji": "ðŸ‡ºðŸ‡¸",
    "emoji_unicode": "U+1F1FA U+1F1F8",
    "img": "https://cdn.ipwhois.io/flags/us.svg",
  },
  "ip": "8.8.4.4",
  "is_eu": false,
  "latitude": 37.3860517,
  "longitude": -122.0838511,
  "postal": "94039",
  "region": "California",
  "region_code": "CA",
  "success": true,
  "timezone": {
    "abbr": "PST",
    "current_time": Any<String>,
    "id": "America/Los_Angeles",
    "is_dst": false,
    "offset": -28800,
    "utc": "-08:00",
  },
  "type": "IPv4",
}
`;
